2026-08-30 17:40:52.000000 | ---- NUEVA PETICIÓN ---- metodo=GET | PHPSESSID=1fbd2e9849f3eb6b3c0e5bd50742dfb8 | usuario_id_en_sesion=3 | usuario_nombre_en_sesion=kevin Marcial | usuario_rol_en_sesion=2
2026-08-30 17:40:52.000000 | id_cliente resuelto de la sesión = 3
2026-08-30 17:40:52.000000 | PINTANDO PANTALLA para id_cliente(sesion)=3 -> cuenta_pk_mostrada=3 num_cuenta_mostrada=00001 saldo_mostrado=1000000.00
2026-08-30 17:40:52.000000 | Total de filas en `cuenta` con usuario_fk=3 : 1
2026-08-30 17:40:53.000000 | ---- NUEVA PETICIÓN ---- metodo=GET | PHPSESSID=1fbd2e9849f3eb6b3c0e5bd50742dfb8 | usuario_id_en_sesion=3 | usuario_nombre_en_sesion=kevin Marcial | usuario_rol_en_sesion=2
2026-08-30 17:40:53.000000 | id_cliente resuelto de la sesión = 3
2026-08-30 17:40:53.000000 | PINTANDO PANTALLA para id_cliente(sesion)=3 -> cuenta_pk_mostrada=3 num_cuenta_mostrada=00001 saldo_mostrado=1000000.00
2026-08-30 17:40:53.000000 | Total de filas en `cuenta` con usuario_fk=3 : 1
2026-08-30 17:40:53.000000 | ---- NUEVA PETICIÓN ---- metodo=GET | PHPSESSID=1fbd2e9849f3eb6b3c0e5bd50742dfb8 | usuario_id_en_sesion=3 | usuario_nombre_en_sesion=kevin Marcial | usuario_rol_en_sesion=2
2026-08-30 17:40:53.000000 | id_cliente resuelto de la sesión = 3
2026-08-30 17:40:53.000000 | PINTANDO PANTALLA para id_cliente(sesion)=3 -> cuenta_pk_mostrada=3 num_cuenta_mostrada=00001 saldo_mostrado=1000000.00
2026-08-30 17:40:53.000000 | Total de filas en `cuenta` con usuario_fk=3 : 1
2026-08-30 17:40:53.000000 | ---- NUEVA PETICIÓN ---- metodo=GET | PHPSESSID=1fbd2e9849f3eb6b3c0e5bd50742dfb8 | usuario_id_en_sesion=3 | usuario_nombre_en_sesion=kevin Marcial | usuario_rol_en_sesion=2
2026-08-30 17:40:53.000000 | id_cliente resuelto de la sesión = 3
2026-08-30 17:40:53.000000 | PINTANDO PANTALLA para id_cliente(sesion)=3 -> cuenta_pk_mostrada=3 num_cuenta_mostrada=00001 saldo_mostrado=1000000.00
2026-08-30 17:40:53.000000 | Total de filas en `cuenta` con usuario_fk=3 : 1
2026-08-30 17:40:53.000000 | ---- NUEVA PETICIÓN ---- metodo=GET | PHPSESSID=1fbd2e9849f3eb6b3c0e5bd50742dfb8 | usuario_id_en_sesion=3 | usuario_nombre_en_sesion=kevin Marcial | usuario_rol_en_sesion=2
2026-08-30 17:40:53.000000 | id_cliente resuelto de la sesión = 3
2026-08-30 17:40:53.000000 | PINTANDO PANTALLA para id_cliente(sesion)=3 -> cuenta_pk_mostrada=3 num_cuenta_mostrada=00001 saldo_mostrado=1000000.00
2026-08-30 17:40:53.000000 | Total de filas en `cuenta` con usuario_fk=3 : 1
2026-08-30 17:40:54.000000 | ---- NUEVA PETICIÓN ---- metodo=GET | PHPSESSID=1fbd2e9849f3eb6b3c0e5bd50742dfb8 | usuario_id_en_sesion=3 | usuario_nombre_en_sesion=kevin Marcial | usuario_rol_en_sesion=2
2026-08-30 17:40:54.000000 | id_cliente resuelto de la sesión = 3
2026-08-30 17:40:54.000000 | PINTANDO PANTALLA para id_cliente(sesion)=3 -> cuenta_pk_mostrada=3 num_cuenta_mostrada=00001 saldo_mostrado=1000000.00
2026-08-30 17:40:54.000000 | Total de filas en `cuenta` con usuario_fk=3 : 1
2026-08-30 17:41:23.000000 | ---- NUEVA PETICIÓN ---- metodo=GET | PHPSESSID=1fbd2e9849f3eb6b3c0e5bd50742dfb8 | usuario_id_en_sesion=3 | usuario_nombre_en_sesion=kevin Marcial | usuario_rol_en_sesion=2
2026-08-30 17:41:23.000000 | id_cliente resuelto de la sesión = 3
2026-08-30 17:41:23.000000 | PINTANDO PANTALLA para id_cliente(sesion)=3 -> cuenta_pk_mostrada=3 num_cuenta_mostrada=00001 saldo_mostrado=1000000.00
2026-08-30 17:41:23.000000 | Total de filas en `cuenta` con usuario_fk=3 : 1
2026-08-30 17:49:17.000000 | ---- NUEVA PETICIÓN ---- metodo=GET | PHPSESSID=1fbd2e9849f3eb6b3c0e5bd50742dfb8 | usuario_id_en_sesion=3 | usuario_nombre_en_sesion=kevin Marcial | usuario_rol_en_sesion=2
2026-08-30 17:49:17.000000 | id_cliente resuelto de la sesión = 3
2026-08-30 17:49:17.000000 | PINTANDO PANTALLA para id_cliente(sesion)=3 -> cuenta_pk_mostrada=3 num_cuenta_mostrada=00001 saldo_mostrado=1000000.00
2026-08-30 17:49:17.000000 | Total de filas en `cuenta` con usuario_fk=3 : 1
2026-08-30 17:50:12.000000 | ---- NUEVA PETICIÓN ---- metodo=POST | PHPSESSID=1fbd2e9849f3eb6b3c0e5bd50742dfb8 | usuario_id_en_sesion=3 | usuario_nombre_en_sesion=kevin Marcial | usuario_rol_en_sesion=2
2026-08-30 17:50:12.000000 | id_cliente resuelto de la sesión = 3
2026-08-30 17:50:12.000000 | TRANSFERENCIA solicitada: id_cliente(sesion)=3 | cuenta_destino_num=00002 | monto=100000
2026-08-30 17:50:12.000000 | EMISOR resuelto: id_cliente(sesion)=3 | cuenta_pk_emisor=3 | num_cuenta_emisor=00001 | saldo_emisor_ANTES=1000000 | cuenta_destino_pk=4
2026-08-30 17:50:12.000000 | TRANSFERENCIA ERROR (rollback): Data truncated for column 'tipo_transaccion' at row 1
2026-08-30 17:50:12.000000 | ---- NUEVA PETICIÓN ---- metodo=GET | PHPSESSID=1fbd2e9849f3eb6b3c0e5bd50742dfb8 | usuario_id_en_sesion=3 | usuario_nombre_en_sesion=kevin Marcial | usuario_rol_en_sesion=2
2026-08-30 17:50:12.000000 | id_cliente resuelto de la sesión = 3
2026-08-30 17:50:12.000000 | PINTANDO PANTALLA para id_cliente(sesion)=3 -> cuenta_pk_mostrada=3 num_cuenta_mostrada=00001 saldo_mostrado=1000000.00
2026-08-30 17:50:12.000000 | Total de filas en `cuenta` con usuario_fk=3 : 1
2026-08-30 17:50:25.000000 | ---- NUEVA PETICIÓN ---- metodo=POST | PHPSESSID=1fbd2e9849f3eb6b3c0e5bd50742dfb8 | usuario_id_en_sesion=3 | usuario_nombre_en_sesion=kevin Marcial | usuario_rol_en_sesion=2
2026-08-30 17:50:25.000000 | id_cliente resuelto de la sesión = 3
2026-08-30 17:50:25.000000 | TRANSFERENCIA solicitada: id_cliente(sesion)=3 | cuenta_destino_num=00002 | monto=100000
2026-08-30 17:50:25.000000 | EMISOR resuelto: id_cliente(sesion)=3 | cuenta_pk_emisor=3 | num_cuenta_emisor=00001 | saldo_emisor_ANTES=1000000 | cuenta_destino_pk=4
2026-08-30 17:50:25.000000 | TRANSFERENCIA ERROR (rollback): Data truncated for column 'tipo_transaccion' at row 1
2026-08-30 17:50:25.000000 | ---- NUEVA PETICIÓN ---- metodo=GET | PHPSESSID=1fbd2e9849f3eb6b3c0e5bd50742dfb8 | usuario_id_en_sesion=3 | usuario_nombre_en_sesion=kevin Marcial | usuario_rol_en_sesion=2
2026-08-30 17:50:25.000000 | id_cliente resuelto de la sesión = 3
2026-08-30 17:50:25.000000 | PINTANDO PANTALLA para id_cliente(sesion)=3 -> cuenta_pk_mostrada=3 num_cuenta_mostrada=00001 saldo_mostrado=1000000.00
2026-08-30 17:50:25.000000 | Total de filas en `cuenta` con usuario_fk=3 : 1
2026-08-30 17:50:42.000000 | ---- NUEVA PETICIÓN ---- metodo=POST | PHPSESSID=1fbd2e9849f3eb6b3c0e5bd50742dfb8 | usuario_id_en_sesion=3 | usuario_nombre_en_sesion=kevin Marcial | usuario_rol_en_sesion=2
2026-08-30 17:50:42.000000 | id_cliente resuelto de la sesión = 3
2026-08-30 17:50:42.000000 | ---- NUEVA PETICIÓN ---- metodo=GET | PHPSESSID=1fbd2e9849f3eb6b3c0e5bd50742dfb8 | usuario_id_en_sesion=3 | usuario_nombre_en_sesion=kevin Marcial | usuario_rol_en_sesion=2
2026-08-30 17:50:42.000000 | id_cliente resuelto de la sesión = 3
2026-08-30 17:50:42.000000 | PINTANDO PANTALLA para id_cliente(sesion)=3 -> cuenta_pk_mostrada=3 num_cuenta_mostrada=00001 saldo_mostrado=1000002.00
2026-08-30 17:50:42.000000 | Total de filas en `cuenta` con usuario_fk=3 : 1
2026-08-30 17:50:58.000000 | ---- NUEVA PETICIÓN ---- metodo=POST | PHPSESSID=1fbd2e9849f3eb6b3c0e5bd50742dfb8 | usuario_id_en_sesion=3 | usuario_nombre_en_sesion=kevin Marcial | usuario_rol_en_sesion=2
2026-08-30 17:50:58.000000 | id_cliente resuelto de la sesión = 3
2026-08-30 17:50:58.000000 | ---- NUEVA PETICIÓN ---- metodo=GET | PHPSESSID=1fbd2e9849f3eb6b3c0e5bd50742dfb8 | usuario_id_en_sesion=3 | usuario_nombre_en_sesion=kevin Marcial | usuario_rol_en_sesion=2
2026-08-30 17:50:58.000000 | id_cliente resuelto de la sesión = 3
2026-08-30 17:50:58.000000 | PINTANDO PANTALLA para id_cliente(sesion)=3 -> cuenta_pk_mostrada=3 num_cuenta_mostrada=00001 saldo_mostrado=1000000.00
2026-08-30 17:50:58.000000 | Total de filas en `cuenta` con usuario_fk=3 : 1
2026-08-30 17:51:05.000000 | ---- NUEVA PETICIÓN ---- metodo=POST | PHPSESSID=1fbd2e9849f3eb6b3c0e5bd50742dfb8 | usuario_id_en_sesion=3 | usuario_nombre_en_sesion=kevin Marcial | usuario_rol_en_sesion=2
2026-08-30 17:51:05.000000 | id_cliente resuelto de la sesión = 3
2026-08-30 17:51:05.000000 | ---- NUEVA PETICIÓN ---- metodo=GET | PHPSESSID=1fbd2e9849f3eb6b3c0e5bd50742dfb8 | usuario_id_en_sesion=3 | usuario_nombre_en_sesion=kevin Marcial | usuario_rol_en_sesion=2
2026-08-30 17:51:05.000000 | id_cliente resuelto de la sesión = 3
2026-08-30 17:51:05.000000 | PINTANDO PANTALLA para id_cliente(sesion)=3 -> cuenta_pk_mostrada=3 num_cuenta_mostrada=00001 saldo_mostrado=1000002.00
2026-08-30 17:51:05.000000 | Total de filas en `cuenta` con usuario_fk=3 : 1
